// Jest Snapshot v1, https://goo.gl/fbAQLP

exports[`Home renders as expected 1`] = `
<styled.div
  className="home"
>
  <Styled(styled.div)>
    <Styled(styled.h1)>
      Boot Reviews by You
    </Styled(styled.h1)>
    <styled.input
      placeholder="search"
    />
    <styled.span>
      🔍
    </styled.span>
  </Styled(styled.div)>
  <styled.div>
    <Field />
  </styled.div>
</styled.div>
`;
