// Jest Snapshot v1, https://goo.gl/fbAQLP

exports[`Reviews renders correctly 1`] = `
<section
  className="reviews"
>
  <div
    className="flex justify-between"
  >
    <styled.h1
      className="ttu dib"
      size={2}
    >
      Reviews
    </styled.h1>
    <styled.button
      className="bg-green white"
    >
      New Review
    </styled.button>
  </div>
</section>
`;
