// Jest Snapshot v1, https://goo.gl/fbAQLP

exports[`Reviews renders correctly 1`] = `
<section
  className="Reviews"
>
  <styled.div>
    <Styled(styled.h1)
      size={2}
    >
      Reviews
    </Styled(styled.h1)>
    <styled.button
      onClick={[Function]}
    >
      New Review
    </styled.button>
  </styled.div>
</section>
`;
