// Jest Snapshot v1, https://goo.gl/fbAQLP

exports[`Header renders correctly 1`] = `
<styled.div
  className="header"
>
  <styled.div
    className="left"
  >
    <ForwardRef
      to="/"
    >
      <styled.div
        className="logo"
      >
        <Logo />
      </styled.div>
    </ForwardRef>
    <ForwardRef
      to="boots"
    >
      Boots
    </ForwardRef>
  </styled.div>
  <styled.div
    className="right"
  >
    <Auth />
  </styled.div>
</styled.div>
`;
